

================================================================
== Vivado HLS Report for 'array_sum'
================================================================
* Date:           Thu Apr  7 14:50:34 2016

* Version:        2015.4 (Build 1412921 on Wed Nov 18 09:58:55 AM 2015)
* Project:        array_sum
* Solution:       solution1
* Product family: virtex7
* Target device:  xc7vx690tffg1761-2


================================================================
== Performance Estimates
================================================================
+ Timing (ns): 
    * Summary: 
    +--------+-------+----------+------------+
    |  Clock | Target| Estimated| Uncertainty|
    +--------+-------+----------+------------+
    |ap_clk  |  10.00|      7.82|        1.25|
    +--------+-------+----------+------------+

+ Latency (clock cycles): 
    * Summary: 
    +-----+-----+-----+-----+---------+
    |  Latency  |  Interval | Pipeline|
    | min | max | min | max |   Type  |
    +-----+-----+-----+-----+---------+
    |   33|   33|   34|   34|   none  |
    +-----+-----+-----+-----+---------+

    + Detail: 
        * Instance: 
        N/A

        * Loop: 
        N/A



================================================================
== Utilization Estimates
================================================================
* Summary: 
+-----------------+---------+-------+--------+--------+
|       Name      | BRAM_18K| DSP48E|   FF   |   LUT  |
+-----------------+---------+-------+--------+--------+
|DSP              |        -|      -|       -|       -|
|Expression       |        -|      -|       0|     192|
|FIFO             |        -|      -|       -|       -|
|Instance         |        -|      -|       -|       -|
|Memory           |        -|      -|       -|       -|
|Multiplexer      |        -|      -|       -|     180|
|Register         |        -|      -|     386|       -|
+-----------------+---------+-------+--------+--------+
|Total            |        0|      0|     386|     372|
+-----------------+---------+-------+--------+--------+
|Available        |     2940|   3600|  866400|  433200|
+-----------------+---------+-------+--------+--------+
|Utilization (%)  |        0|      0|   ~0   |   ~0   |
+-----------------+---------+-------+--------+--------+

+ Detail: 
    * Instance: 
    N/A

    * DSP48: 
    N/A

    * Memory: 
    N/A

    * FIFO: 
    N/A

    * Expression: 
    +-----------------+----------+-------+---+----+------------+------------+
    |  Variable Name  | Operation| DSP48E| FF| LUT| Bitwidth P0| Bitwidth P1|
    +-----------------+----------+-------+---+----+------------+------------+
    |ap_return        |     +    |      0|  0|  16|          32|          32|
    |grp_fu_723_p2    |     +    |      0|  0|  32|          32|          32|
    |grp_fu_745_p2    |     +    |      0|  0|  16|          32|          32|
    |grp_fu_751_p2    |     +    |      0|  0|  16|          32|          32|
    |grp_fu_757_p2    |     +    |      0|  0|  16|          32|          32|
    |grp_fu_763_p2    |     +    |      0|  0|  16|          32|          32|
    |grp_fu_777_p2    |     +    |      0|  0|  16|          32|          32|
    |grp_fu_783_p2    |     +    |      0|  0|  16|          32|          32|
    |tmp31_fu_797_p2  |     +    |      0|  0|  16|          32|          32|
    |tmp32_fu_793_p2  |     +    |      0|  0|  16|          32|          32|
    |tmp_fu_789_p2    |     +    |      0|  0|  16|          32|          32|
    +-----------------+----------+-------+---+----+------------+------------+
    |Total            |          |      0|  0| 192|         352|         352|
    +-----------------+----------+-------+---+----+------------+------------+

    * Multiplexer: 
    +------------------+----+-----------+-----+-----------+
    |       Name       | LUT| Input Size| Bits| Total Bits|
    +------------------+----+-----------+-----+-----------+
    |ap_NS_fsm         |  60|         35|    1|         35|
    |array_r_address0  |  60|         33|    6|        198|
    |array_r_address1  |  60|         33|    6|        198|
    +------------------+----+-----------+-----+-----------+
    |Total             | 180|        101|   13|        431|
    +------------------+----+-----------+-----+-----------+

    * Register: 
    +----------------+----+----+-----+-----------+
    |      Name      | FF | LUT| Bits| Const Bits|
    +----------------+----+----+-----+-----------+
    |ap_CS_fsm       |  34|   0|   34|          0|
    |reg_729         |  32|   0|   32|          0|
    |reg_733         |  32|   0|   32|          0|
    |reg_737         |  32|   0|   32|          0|
    |reg_741         |  32|   0|   32|          0|
    |reg_769         |  32|   0|   32|          0|
    |reg_773         |  32|   0|   32|          0|
    |tmp16_reg_983   |  32|   0|   32|          0|
    |tmp1_reg_898    |  32|   0|   32|          0|
    |tmp33_reg_1028  |  32|   0|   32|          0|
    |tmp40_reg_1073  |  32|   0|   32|          0|
    |tmp47_reg_1148  |  32|   0|   32|          0|
    +----------------+----+----+-----+-----------+
    |Total           | 386|   0|  386|          0|
    +----------------+----+----+-----+-----------+



================================================================
== Interface
================================================================
* Summary: 
+------------------+-----+-----+------------+--------------+--------------+
|     RTL Ports    | Dir | Bits|  Protocol  | Source Object|    C Type    |
+------------------+-----+-----+------------+--------------+--------------+
|ap_clk            |  in |    1| ap_ctrl_hs |   array_sum  | return value |
|ap_rst            |  in |    1| ap_ctrl_hs |   array_sum  | return value |
|ap_start          |  in |    1| ap_ctrl_hs |   array_sum  | return value |
|ap_done           | out |    1| ap_ctrl_hs |   array_sum  | return value |
|ap_idle           | out |    1| ap_ctrl_hs |   array_sum  | return value |
|ap_ready          | out |    1| ap_ctrl_hs |   array_sum  | return value |
|ap_return         | out |   32| ap_ctrl_hs |   array_sum  | return value |
|array_r_address0  | out |    6|  ap_memory |    array_r   |     array    |
|array_r_ce0       | out |    1|  ap_memory |    array_r   |     array    |
|array_r_q0        |  in |   32|  ap_memory |    array_r   |     array    |
|array_r_address1  | out |    6|  ap_memory |    array_r   |     array    |
|array_r_ce1       | out |    1|  ap_memory |    array_r   |     array    |
|array_r_q1        |  in |   32|  ap_memory |    array_r   |     array    |
|length_r          |  in |   32|   ap_none  |   length_r   |    scalar    |
+------------------+-----+-----+------------+--------------+--------------+

