

================================================================
== Vivado HLS Report for 'sparse_mm'
================================================================
* Date:           Thu Apr  7 14:55:51 2016

* Version:        2015.4 (Build 1412921 on Wed Nov 18 09:58:55 AM 2015)
* Project:        sparse_mm
* Solution:       solution1
* Product family: virtex7
* Target device:  xc7vx690tffg1761-2


================================================================
== Performance Estimates
================================================================
+ Timing (ns): 
    * Summary: 
    +--------+-------+----------+------------+
    |  Clock | Target| Estimated| Uncertainty|
    +--------+-------+----------+------------+
    |ap_clk  |  10.00|      8.28|        1.25|
    +--------+-------+----------+------------+

+ Latency (clock cycles): 
    * Summary: 
    +-----+-----+-----+-----+---------+
    |  Latency  |  Interval | Pipeline|
    | min | max | min | max |   Type  |
    +-----+-----+-----+-----+---------+
    |    ?|    ?|    ?|    ?|   none  |
    +-----+-----+-----+-----+---------+

    + Detail: 
        * Instance: 
        N/A

        * Loop: 
        +-------------+-----+-----+----------+-----------+-----------+------+----------+
        |             |  Latency  | Iteration|  Initiation Interval  | Trip |          |
        |  Loop Name  | min | max |  Latency |  achieved |   target  | Count| Pipelined|
        +-------------+-----+-----+----------+-----------+-----------+------+----------+
        |- Loop 1     |    ?|    ?|         ?|          -|          -|     ?|    no    |
        | + Loop 1.1  |    ?|    ?|  7 ~ 13  |          -|          -|     ?|    no    |
        +-------------+-----+-----+----------+-----------+-----------+------+----------+



================================================================
== Utilization Estimates
================================================================
* Summary: 
+-----------------+---------+-------+--------+--------+
|       Name      | BRAM_18K| DSP48E|   FF   |   LUT  |
+-----------------+---------+-------+--------+--------+
|DSP              |        -|      -|       -|       -|
|Expression       |        -|      -|       0|     213|
|FIFO             |        -|      -|       -|       -|
|Instance         |        -|     12|       0|       0|
|Memory           |        -|      -|       -|       -|
|Multiplexer      |        -|      -|       -|     142|
|Register         |        -|      -|     462|       -|
+-----------------+---------+-------+--------+--------+
|Total            |        0|     12|     462|     355|
+-----------------+---------+-------+--------+--------+
|Available        |     2940|   3600|  866400|  433200|
+-----------------+---------+-------+--------+--------+
|Utilization (%)  |        0|   ~0  |   ~0   |   ~0   |
+-----------------+---------+-------+--------+--------+

+ Detail: 
    * Instance: 
    +--------------------------------+-----------------------------+---------+-------+---+----+
    |            Instance            |            Module           | BRAM_18K| DSP48E| FF| LUT|
    +--------------------------------+-----------------------------+---------+-------+---+----+
    |sparse_mm_mul_31ns_32s_32_3_U2  |sparse_mm_mul_31ns_32s_32_3  |        0|      4|  0|   0|
    |sparse_mm_mul_32s_32s_32_3_U1   |sparse_mm_mul_32s_32s_32_3   |        0|      4|  0|   0|
    |sparse_mm_mul_32s_32s_32_3_U3   |sparse_mm_mul_32s_32s_32_3   |        0|      4|  0|   0|
    +--------------------------------+-----------------------------+---------+-------+---+----+
    |Total                           |                             |        0|     12|  0|   0|
    +--------------------------------+-----------------------------+---------+-------+---+----+

    * DSP48: 
    N/A

    * Memory: 
    N/A

    * FIFO: 
    N/A

    * Expression: 
    +-----------------+----------+-------+---+----+------------+------------+
    |  Variable Name  | Operation| DSP48E| FF| LUT| Bitwidth P0| Bitwidth P1|
    +-----------------+----------+-------+---+----+------------+------------+
    |a_i_1_fu_165_p2  |     +    |      0|  0|  32|          32|           1|
    |iay_1_fu_204_p2  |     +    |      0|  0|  32|          32|           1|
    |ibx_1_fu_154_p2  |     +    |      0|  0|  31|          31|           1|
    |sum_1_fu_232_p2  |     +    |      0|  0|  32|          32|          32|
    |tmp_5_fu_237_p2  |     +    |      0|  0|  32|          32|          32|
    |tmp_9_fu_219_p2  |     +    |      0|  0|  32|          32|          32|
    |tmp_1_fu_160_p2  |   icmp   |      0|  0|  11|          32|          32|
    |tmp_fu_149_p2    |   icmp   |      0|  0|  11|          32|          32|
    +-----------------+----------+-------+---+----+------------+------------+
    |Total            |          |      0|  0| 213|         255|         163|
    +-----------------+----------+-------+---+----+------------+------------+

    * Multiplexer: 
    +-------------+----+-----------+-----+-----------+
    |     Name    | LUT| Input Size| Bits| Total Bits|
    +-------------+----+-----------+-----+-----------+
    |a_i_reg_101  |  32|          2|   32|         64|
    |ap_NS_fsm    |  15|         19|    1|         19|
    |iay_reg_114  |  32|          3|   32|         96|
    |ibx_reg_90   |  31|          2|   31|         62|
    |sum_reg_129  |  32|          2|   32|         64|
    +-------------+----+-----------+-----+-----------+
    |Total        | 142|         28|  128|        305|
    +-------------+----+-----------+-----+-----------+

    * Register: 
    +---------------------+----+----+-----+-----------+
    |         Name        | FF | LUT| Bits| Const Bits|
    +---------------------+----+----+-----+-----------+
    |a_i_1_reg_275        |  32|   0|   32|          0|
    |a_i_reg_101          |  32|   0|   32|          0|
    |ap_CS_fsm            |  18|   0|   18|          0|
    |b_load_reg_314       |  32|   0|   32|          0|
    |column_cast_reg_289  |  31|   0|   32|          1|
    |iay_1_reg_299        |  32|   0|   32|          0|
    |iay_reg_114          |  32|   0|   32|          0|
    |ibx_1_reg_267        |  31|   0|   31|          0|
    |ibx_cast_reg_258     |  31|   0|   32|          1|
    |ibx_reg_90           |  31|   0|   31|          0|
    |sum_reg_129          |  32|   0|   32|          0|
    |tmp_3_reg_329        |  32|   0|   32|          0|
    |tmp_7_reg_319        |  32|   0|   32|          0|
    |tmp_8_reg_304        |  32|   0|   32|          0|
    |value_reg_294        |  32|   0|   32|          0|
    +---------------------+----+----+-----+-----------+
    |Total                | 462|   0|  464|          2|
    +---------------------+----+----+-----+-----------+



================================================================
== Interface
================================================================
* Summary: 
+------------+-----+-----+------------+--------------+--------------+
|  RTL Ports | Dir | Bits|  Protocol  | Source Object|    C Type    |
+------------+-----+-----+------------+--------------+--------------+
|ap_clk      |  in |    1| ap_ctrl_hs |   sparse_mm  | return value |
|ap_rst      |  in |    1| ap_ctrl_hs |   sparse_mm  | return value |
|ap_start    |  in |    1| ap_ctrl_hs |   sparse_mm  | return value |
|ap_done     | out |    1| ap_ctrl_hs |   sparse_mm  | return value |
|ap_idle     | out |    1| ap_ctrl_hs |   sparse_mm  | return value |
|ap_ready    | out |    1| ap_ctrl_hs |   sparse_mm  | return value |
|a_address0  | out |   22|  ap_memory |       a      |     array    |
|a_ce0       | out |    1|  ap_memory |       a      |     array    |
|a_q0        |  in |   64|  ap_memory |       a      |     array    |
|a_y         |  in |   32|   ap_none  |      a_y     |    scalar    |
|a_x         |  in |   32|   ap_none  |      a_x     |    scalar    |
|b_address0  | out |   11|  ap_memory |       b      |     array    |
|b_ce0       | out |    1|  ap_memory |       b      |     array    |
|b_q0        |  in |   32|  ap_memory |       b      |     array    |
|b_y         |  in |   32|   ap_none  |      b_y     |    scalar    |
|b_x         |  in |   32|   ap_none  |      b_x     |    scalar    |
|c_address0  | out |   11|  ap_memory |       c      |     array    |
|c_ce0       | out |    1|  ap_memory |       c      |     array    |
|c_we0       | out |    1|  ap_memory |       c      |     array    |
|c_d0        | out |   32|  ap_memory |       c      |     array    |
+------------+-----+-----+------------+--------------+--------------+

